results, ooga booga